// Jest Snapshot v1, https://goo.gl/fbAQLP

exports[`Reservation Should match the snapshot 1`] = `
<article
  className="reservation"
>
  <p />
  <p />
  <p />
  <p />
  <button
    onClick={[Function]}
  >
    Cancel
  </button>
</article>
`;
