// Jest Snapshot v1, https://goo.gl/fbAQLP

exports[`Form Should match the snapshot 1`] = `
<section>
  <input
    name="name"
    onChange={[Function]}
    placeholder="Name"
    type="text"
    value=""
  />
  <input
    name="date"
    onChange={[Function]}
    placeholder="Date (mm/dd)"
    type="text"
    value=""
  />
  <input
    name="time"
    onChange={[Function]}
    placeholder="Time"
    type="text"
    value=""
  />
  <input
    name="number"
    onChange={[Function]}
    placeholder="Number of Guests"
    type="number"
  />
  <button
    onClick={[Function]}
  >
    Make Reservation
  </button>
</section>
`;
